
DevTools listening on ws://127.0.0.1:53985/devtools/browser/bd8a87a4-df66-4911-8c1e-d1ca1a1fbdec
Trying to load the allocator multiple times. This is *not* supported.
[87040:31307558:1002/095247.843210:ERROR:ui/display/mac/cv_display_link_mac.mm:188] CVDisplayLinkCreateWithCGDisplay failed. CVReturn: -6670
[87040:31307650:1002/095247.846435:ERROR:ui/display/mac/cv_display_link_mac.mm:188] CVDisplayLinkCreateWithCGDisplay failed. CVReturn: -6670
[87040:31307558:1002/095247.846744:ERROR:ui/display/mac/cv_display_link_mac.mm:188] CVDisplayLinkCreateWithCGDisplay failed. CVReturn: -6670
[87040:31307650:1002/095247.846823:ERROR:ui/display/mac/cv_display_link_mac.mm:188] CVDisplayLinkCreateWithCGDisplay failed. CVReturn: -6670
[87040:31307558:1002/095247.846942:ERROR:ui/display/mac/cv_display_link_mac.mm:188] CVDisplayLinkCreateWithCGDisplay failed. CVReturn: -6670
[87040:31307650:1002/095247.847811:ERROR:ui/display/mac/cv_display_link_mac.mm:188] CVDisplayLinkCreateWithCGDisplay failed. CVReturn: -6670
[87040:31307558:1002/095247.847983:ERROR:ui/display/mac/cv_display_link_mac.mm:188] CVDisplayLinkCreateWithCGDisplay failed. CVReturn: -6670
[87040:31307650:1002/095247.848046:ERROR:ui/display/mac/cv_display_link_mac.mm:188] CVDisplayLinkCreateWithCGDisplay failed. CVReturn: -6670
[87040:31307558:1002/095247.855997:ERROR:ui/display/mac/cv_display_link_mac.mm:188] CVDisplayLinkCreateWithCGDisplay failed. CVReturn: -6670
[87040:31307650:1002/095247.856068:ERROR:ui/display/mac/cv_display_link_mac.mm:188] CVDisplayLinkCreateWithCGDisplay failed. CVReturn: -6670
[87040:31307558:1002/095247.856215:ERROR:ui/display/mac/cv_display_link_mac.mm:188] CVDisplayLinkCreateWithCGDisplay failed. CVReturn: -6670
[87040:31307650:1002/095247.862110:ERROR:ui/display/mac/cv_display_link_mac.mm:188] CVDisplayLinkCreateWithCGDisplay failed. CVReturn: -6670
[87040:31307558:1002/095249.890489:ERROR:ui/display/mac/cv_display_link_mac.mm:188] CVDisplayLinkCreateWithCGDisplay failed. CVReturn: -6670
[87040:31307650:1002/095249.890586:ERROR:ui/display/mac/cv_display_link_mac.mm:188] CVDisplayLinkCreateWithCGDisplay failed. CVReturn: -6670
[87040:31307558:1002/095249.904669:ERROR:ui/display/mac/cv_display_link_mac.mm:188] CVDisplayLinkCreateWithCGDisplay failed. CVReturn: -6670
[87040:31307650:1002/095249.906170:ERROR:ui/display/mac/cv_display_link_mac.mm:188] CVDisplayLinkCreateWithCGDisplay failed. CVReturn: -6670
[87034:31307539:1002/095250.310030:ERROR:google_apis/gcm/engine/registration_request.cc:291] Registration response error message: PHONE_REGISTRATION_ERROR
[87034:31307539:1002/095250.312018:ERROR:google_apis/gcm/engine/registration_request.cc:291] Registration response error message: PHONE_REGISTRATION_ERROR
[87034:31307539:1002/095250.312099:ERROR:google_apis/gcm/engine/registration_request.cc:291] Registration response error message: PHONE_REGISTRATION_ERROR
[87040:31307558:1002/095250.319043:ERROR:ui/display/mac/cv_display_link_mac.mm:188] CVDisplayLinkCreateWithCGDisplay failed. CVReturn: -6670
[87040:31307650:1002/095250.319164:ERROR:ui/display/mac/cv_display_link_mac.mm:188] CVDisplayLinkCreateWithCGDisplay failed. CVReturn: -6670
[87040:31307558:1002/095250.324007:ERROR:ui/display/mac/cv_display_link_mac.mm:188] CVDisplayLinkCreateWithCGDisplay failed. CVReturn: -6670
[87040:31307650:1002/095250.324079:ERROR:ui/display/mac/cv_display_link_mac.mm:188] CVDisplayLinkCreateWithCGDisplay failed. CVReturn: -6670
[87040:31307558:1002/095250.355845:ERROR:ui/display/mac/cv_display_link_mac.mm:188] CVDisplayLinkCreateWithCGDisplay failed. CVReturn: -6670
[87040:31307650:1002/095250.355943:ERROR:ui/display/mac/cv_display_link_mac.mm:188] CVDisplayLinkCreateWithCGDisplay failed. CVReturn: -6670
[87040:31307558:1002/095250.406675:ERROR:ui/display/mac/cv_display_link_mac.mm:188] CVDisplayLinkCreateWithCGDisplay failed. CVReturn: -6670
[87040:31307650:1002/095250.406756:ERROR:ui/display/mac/cv_display_link_mac.mm:188] CVDisplayLinkCreateWithCGDisplay failed. CVReturn: -6670
[87040:31307558:1002/095250.439070:ERROR:ui/display/mac/cv_display_link_mac.mm:188] CVDisplayLinkCreateWithCGDisplay failed. CVReturn: -6670
[87040:31307650:1002/095250.440163:ERROR:ui/display/mac/cv_display_link_mac.mm:188] CVDisplayLinkCreateWithCGDisplay failed. CVReturn: -6670
[87040:31307558:1002/095250.472780:ERROR:ui/display/mac/cv_display_link_mac.mm:188] CVDisplayLinkCreateWithCGDisplay failed. CVReturn: -6670
[87040:31307650:1002/095250.474069:ERROR:ui/display/mac/cv_display_link_mac.mm:188] CVDisplayLinkCreateWithCGDisplay failed. CVReturn: -6670
Created TensorFlow Lite XNNPACK delegate for CPU.
[87383:31308831:1002/095306.276547:VERBOSE1:chrome/updater/updater.cc:364] Version: 156.0.8067.0, opt, ARM_64, command line: /Users/pegasus-yang/Library/Application Support/Google/GoogleUpdater/156.0.8067.0/GoogleUpdater.app/Contents/MacOS/GoogleUpdater --wake-all --enable-logging --vmodule=*/components/update_client/*=2,*/chrome/enterprise_companion/*=2,*/chrome/updater/*=2
[87383:31308831:1002/095306.277290:VERBOSE1:chrome/updater/updater.cc:367] OS version: 26.6.2, arch: arm64, System uptime (seconds): 790606, parent pid: 87034
[87383:31308831:1002/095306.279787:VERBOSE1:chrome/updater/updater.cc:372] Available disk space in install directory (/Users/pegasus-yang/Library/Application Support/Google/GoogleUpdater): 140631724032B (130.973GiB) / 994662584320B (926.352GiB)
[87383:31308831:1002/095306.279825:VERBOSE1:chrome/updater/updater.cc:376] Available disk space in temporary directory (/var/folders/zv/_jkmqxn15kl26rrm7x_y9r1r0000gn/T/): 140631724032B (130.973GiB) / 994662584320B (926.352GiB)
[87383:31308831:1002/095306.279900:VERBOSE2:chrome/updater/event_history.cc:266] Emitted a UPDATER_PROCESS START event to the history log
[87385:31308835:1002/095306.290308:VERBOSE1:chrome/updater/updater.cc:364] Version: 156.0.8067.0, opt, ARM_64, command line: /Users/pegasus-yang/Library/Application Support/Google/GoogleUpdater/156.0.8067.0/GoogleUpdater.app/Contents/MacOS/GoogleUpdater --crash-handler --database=/Users/pegasus-yang/Library/Application Support/Google/GoogleUpdater/156.0.8067.0/Crashpad --url=https://clients2.google.com/cr/report --annotation=prod=Update4 --annotation=ver=156.0.8067.0 --handshake-fd=6 --enable-logging --vmodule=*/components/update_client/*=2,*/chrome/enterprise_companion/*=2,*/chrome/updater/*=2
[87385:31308835:1002/095306.290863:VERBOSE1:chrome/updater/updater.cc:367] OS version: 26.6.2, arch: arm64, System uptime (seconds): 790606, parent pid: 1
[87385:31308835:1002/095306.292960:VERBOSE1:chrome/updater/updater.cc:372] Available disk space in install directory (/Users/pegasus-yang/Library/Application Support/Google/GoogleUpdater): 140631724032B (130.973GiB) / 994662584320B (926.352GiB)
[87385:31308835:1002/095306.292994:VERBOSE1:chrome/updater/updater.cc:376] Available disk space in temporary directory (/var/folders/zv/_jkmqxn15kl26rrm7x_y9r1r0000gn/T/): 140631724032B (130.973GiB) / 994662584320B (926.352GiB)
[87385:31308835:1002/095306.293097:VERBOSE2:chrome/updater/event_history.cc:266] Emitted a UPDATER_PROCESS START event to the history log
[87383:31308831:1002/095306.293658:VERBOSE1:chrome/updater/crash_reporter.cc:123] Crash handler launched and ready.
[87383:31308831:1002/095306.294381:VERBOSE1:chrome/updater/crash_client.cc:108] Found 0 completed crash reports
[87383:31308831:1002/095306.294465:VERBOSE1:chrome/updater/crash_client.cc:132] Found 0 pending crash reports
[87383:31308831:1002/095306.294624:ERROR:third_party/crashpad/crashpad/util/file/file_io_posix.cc:145] open /Users/pegasus-yang/Library/Application Support/Google/RLZ/Crashpad/settings.dat: No such file or directory (2)
[87383:31308831:1002/095306.294643:ERROR:third_party/crashpad/crashpad/util/file/file_io_posix.cc:145] open /Users/pegasus-yang/Library/Application Support/Google/AndroidStudio2025.2.1/Crashpad/settings.dat: No such file or directory (2)
[87383:31308831:1002/095306.294654:ERROR:third_party/crashpad/crashpad/util/file/file_io_posix.cc:145] open /Users/pegasus-yang/Library/Application Support/Google/AndroidStudio2021.2/Crashpad/settings.dat: No such file or directory (2)
[87383:31308831:1002/095306.294664:ERROR:third_party/crashpad/crashpad/util/file/file_io_posix.cc:145] open /Users/pegasus-yang/Library/Application Support/Google/AndroidStudio2023.1/Crashpad/settings.dat: No such file or directory (2)
[87383:31308831:1002/095306.294695:ERROR:third_party/crashpad/crashpad/util/file/file_io_posix.cc:145] open /Users/pegasus-yang/Library/Application Support/Google/AndroidStudio2021.3/Crashpad/settings.dat: No such file or directory (2)
[87383:31308831:1002/095306.294703:ERROR:third_party/crashpad/crashpad/util/file/file_io_posix.cc:145] open /Users/pegasus-yang/Library/Application Support/Google/consentOptions/Crashpad/settings.dat: No such file or directory (2)
[87383:31308831:1002/095306.294741:ERROR:third_party/crashpad/crashpad/util/file/file_io_posix.cc:145] open /Users/pegasus-yang/Library/Application Support/Google/AndroidStudio2025.1.1/Crashpad/settings.dat: No such file or directory (2)
[87383:31308831:1002/095306.294751:ERROR:third_party/crashpad/crashpad/util/file/file_io_posix.cc:145] open /Users/pegasus-yang/Library/Application Support/Google/AndroidStudio2022.2/Crashpad/settings.dat: No such file or directory (2)
[87383:31308831:1002/095306.294761:ERROR:third_party/crashpad/crashpad/util/file/file_io_posix.cc:145] open /Users/pegasus-yang/Library/Application Support/Google/AndroidStudio2026.1.1/Crashpad/settings.dat: No such file or directory (2)
[87383:31308831:1002/095306.294774:ERROR:third_party/crashpad/crashpad/util/file/file_io_posix.cc:145] open /Users/pegasus-yang/Library/Application Support/Google/AndroidStudio2022.3/Crashpad/settings.dat: No such file or directory (2)
[87383:31308831:1002/095306.294782:ERROR:third_party/crashpad/crashpad/util/file/file_io_posix.cc:145] open /Users/pegasus-yang/Library/Application Support/Google/AndroidStudio2024.1/Crashpad/settings.dat: No such file or directory (2)
[87383:31308831:1002/095306.294791:ERROR:third_party/crashpad/crashpad/util/file/file_io_posix.cc:145] open /Users/pegasus-yang/Library/Application Support/Google/AndroidStudio2025.2.2/Crashpad/settings.dat: No such file or directory (2)
[87383:31308831:1002/095306.294800:ERROR:third_party/crashpad/crashpad/util/file/file_io_posix.cc:145] open /Users/pegasus-yang/Library/Application Support/Google/AndroidStudio2023.2/Crashpad/settings.dat: No such file or directory (2)
[87383:31308831:1002/095306.294854:ERROR:third_party/crashpad/crashpad/util/file/file_io_posix.cc:145] open /Users/pegasus-yang/Library/Application Support/Google/ChromeForTesting/Crashpad/settings.dat: No such file or directory (2)
[87383:31308831:1002/095306.294863:ERROR:third_party/crashpad/crashpad/util/file/file_io_posix.cc:145] open /Users/pegasus-yang/Library/Application Support/Google/AndroidStudio2023.3/Crashpad/settings.dat: No such file or directory (2)
[87383:31308831:1002/095306.294871:ERROR:third_party/crashpad/crashpad/util/file/file_io_posix.cc:145] open /Users/pegasus-yang/Library/Application Support/Google/AndroidStudio2025.2.3/Crashpad/settings.dat: No such file or directory (2)
[87383:31308831:1002/095306.294879:ERROR:third_party/crashpad/crashpad/util/file/file_io_posix.cc:145] open /Users/pegasus-yang/Library/Application Support/Google/AndroidStudioPreview2021.2/Crashpad/settings.dat: No such file or directory (2)
[87383:31308831:1002/095306.294896:ERROR:third_party/crashpad/crashpad/util/file/file_io_posix.cc:145] open /Users/pegasus-yang/Library/Application Support/Google/AndroidStudio2024.3/Crashpad/settings.dat: No such file or directory (2)
[87383:31308831:1002/095306.294903:ERROR:third_party/crashpad/crashpad/util/file/file_io_posix.cc:145] open /Users/pegasus-yang/Library/Application Support/Google/AndroidStudio2026.1.3/Crashpad/settings.dat: No such file or directory (2)
[87383:31308831:1002/095306.294910:ERROR:third_party/crashpad/crashpad/util/file/file_io_posix.cc:145] open /Users/pegasus-yang/Library/Application Support/Google/AndroidStudio2024.2/Crashpad/settings.dat: No such file or directory (2)
[87383:31308831:1002/095306.294918:ERROR:third_party/crashpad/crashpad/util/file/file_io_posix.cc:145] open /Users/pegasus-yang/Library/Application Support/Google/AndroidStudio2020.3/Crashpad/settings.dat: No such file or directory (2)
[87383:31308831:1002/095306.294939:ERROR:third_party/crashpad/crashpad/util/file/file_io_posix.cc:145] open /Users/pegasus-yang/Library/Application Support/Google/AndroidStudio2025.1.4/Crashpad/settings.dat: No such file or directory (2)
[87383:31308831:1002/095306.294952:VERBOSE1:chrome/updater/updater.cc:105] Crash reporting initialized.
[87383:31308844:1002/095306.295340:VERBOSE1:chrome/updater/app/app_wakeall.cc:58] Launching `/Users/pegasus-yang/Library/Application Support/Google/GoogleUpdater/156.0.8067.0/GoogleUpdater.app/Contents/MacOS/GoogleUpdater --wake`
[87386:31308848:1002/095306.304912:VERBOSE1:chrome/updater/updater.cc:364] Version: 156.0.8067.0, opt, ARM_64, command line: /Users/pegasus-yang/Library/Application Support/Google/GoogleUpdater/156.0.8067.0/GoogleUpdater.app/Contents/MacOS/GoogleUpdater --wake --enable-logging --vmodule=*/components/update_client/*=2,*/chrome/enterprise_companion/*=2,*/chrome/updater/*=2
[87386:31308848:1002/095306.305463:VERBOSE1:chrome/updater/updater.cc:367] OS version: 26.6.2, arch: arm64, System uptime (seconds): 790606, parent pid: 87383
[87386:31308848:1002/095306.307273:VERBOSE1:chrome/updater/updater.cc:372] Available disk space in install directory (/Users/pegasus-yang/Library/Application Support/Google/GoogleUpdater): 140631715840B (130.973GiB) / 994662584320B (926.352GiB)
[87386:31308848:1002/095306.307302:VERBOSE1:chrome/updater/updater.cc:376] Available disk space in temporary directory (/var/folders/zv/_jkmqxn15kl26rrm7x_y9r1r0000gn/T/): 140631715840B (130.973GiB) / 994662584320B (926.352GiB)
[87386:31308848:1002/095306.307363:VERBOSE2:chrome/updater/event_history.cc:266] Emitted a UPDATER_PROCESS START event to the history log
[87388:31308852:1002/095306.316447:VERBOSE1:chrome/updater/updater.cc:364] Version: 156.0.8067.0, opt, ARM_64, command line: /Users/pegasus-yang/Library/Application Support/Google/GoogleUpdater/156.0.8067.0/GoogleUpdater.app/Contents/MacOS/GoogleUpdater --crash-handler --database=/Users/pegasus-yang/Library/Application Support/Google/GoogleUpdater/156.0.8067.0/Crashpad --url=https://clients2.google.com/cr/report --annotation=prod=Update4 --annotation=ver=156.0.8067.0 --handshake-fd=6 --enable-logging --vmodule=*/components/update_client/*=2,*/chrome/enterprise_companion/*=2,*/chrome/updater/*=2
[87388:31308852:1002/095306.316997:VERBOSE1:chrome/updater/updater.cc:367] OS version: 26.6.2, arch: arm64, System uptime (seconds): 790607, parent pid: 1
[87388:31308852:1002/095306.318727:VERBOSE1:chrome/updater/updater.cc:372] Available disk space in install directory (/Users/pegasus-yang/Library/Application Support/Google/GoogleUpdater): 140631715840B (130.973GiB) / 994662584320B (926.352GiB)
[87388:31308852:1002/095306.318754:VERBOSE1:chrome/updater/updater.cc:376] Available disk space in temporary directory (/var/folders/zv/_jkmqxn15kl26rrm7x_y9r1r0000gn/T/): 140631715840B (130.973GiB) / 994662584320B (926.352GiB)
[87388:31308852:1002/095306.318812:VERBOSE2:chrome/updater/event_history.cc:266] Emitted a UPDATER_PROCESS START event to the history log
[87386:31308848:1002/095306.319225:VERBOSE1:chrome/updater/crash_reporter.cc:123] Crash handler launched and ready.
[87386:31308848:1002/095306.319923:VERBOSE1:chrome/updater/crash_client.cc:108] Found 0 completed crash reports
[87386:31308848:1002/095306.319993:VERBOSE1:chrome/updater/crash_client.cc:132] Found 0 pending crash reports
[87386:31308848:1002/095306.320116:ERROR:third_party/crashpad/crashpad/util/file/file_io_posix.cc:145] open /Users/pegasus-yang/Library/Application Support/Google/RLZ/Crashpad/settings.dat: No such file or directory (2)
[87386:31308848:1002/095306.320128:ERROR:third_party/crashpad/crashpad/util/file/file_io_posix.cc:145] open /Users/pegasus-yang/Library/Application Support/Google/AndroidStudio2025.2.1/Crashpad/settings.dat: No such file or directory (2)
[87386:31308848:1002/095306.320136:ERROR:third_party/crashpad/crashpad/util/file/file_io_posix.cc:145] open /Users/pegasus-yang/Library/Application Support/Google/AndroidStudio2021.2/Crashpad/settings.dat: No such file or directory (2)
[87386:31308848:1002/095306.320166:ERROR:third_party/crashpad/crashpad/util/file/file_io_posix.cc:145] open /Users/pegasus-yang/Library/Application Support/Google/AndroidStudio2023.1/Crashpad/settings.dat: No such file or directory (2)
[87386:31308848:1002/095306.320174:ERROR:third_party/crashpad/crashpad/util/file/file_io_posix.cc:145] open /Users/pegasus-yang/Library/Application Support/Google/AndroidStudio2021.3/Crashpad/settings.dat: No such file or directory (2)
[87386:31308848:1002/095306.320181:ERROR:third_party/crashpad/crashpad/util/file/file_io_posix.cc:145] open /Users/pegasus-yang/Library/Application Support/Google/consentOptions/Crashpad/settings.dat: No such file or directory (2)
[87386:31308848:1002/095306.320210:ERROR:third_party/crashpad/crashpad/util/file/file_io_posix.cc:145] open /Users/pegasus-yang/Library/Application Support/Google/AndroidStudio2025.1.1/Crashpad/settings.dat: No such file or directory (2)
[87386:31308848:1002/095306.320218:ERROR:third_party/crashpad/crashpad/util/file/file_io_posix.cc:145] open /Users/pegasus-yang/Library/Application Support/Google/AndroidStudio2022.2/Crashpad/settings.dat: No such file or directory (2)
[87386:31308848:1002/095306.320225:ERROR:third_party/crashpad/crashpad/util/file/file_io_posix.cc:145] open /Users/pegasus-yang/Library/Application Support/Google/AndroidStudio2026.1.1/Crashpad/settings.dat: No such file or directory (2)
[87386:31308848:1002/095306.320232:ERROR:third_party/crashpad/crashpad/util/file/file_io_posix.cc:145] open /Users/pegasus-yang/Library/Application Support/Google/AndroidStudio2022.3/Crashpad/settings.dat: No such file or directory (2)
[87386:31308848:1002/095306.320239:ERROR:third_party/crashpad/crashpad/util/file/file_io_posix.cc:145] open /Users/pegasus-yang/Library/Application Support/Google/AndroidStudio2024.1/Crashpad/settings.dat: No such file or directory (2)
[87386:31308848:1002/095306.320245:ERROR:third_party/crashpad/crashpad/util/file/file_io_posix.cc:145] open /Users/pegasus-yang/Library/Application Support/Google/AndroidStudio2025.2.2/Crashpad/settings.dat: No such file or directory (2)
[87386:31308848:1002/095306.320253:ERROR:third_party/crashpad/crashpad/util/file/file_io_posix.cc:145] open /Users/pegasus-yang/Library/Application Support/Google/AndroidStudio2023.2/Crashpad/settings.dat: No such file or directory (2)
[87386:31308848:1002/095306.320295:ERROR:third_party/crashpad/crashpad/util/file/file_io_posix.cc:145] open /Users/pegasus-yang/Library/Application Support/Google/ChromeForTesting/Crashpad/settings.dat: No such file or directory (2)
[87386:31308848:1002/095306.320304:ERROR:third_party/crashpad/crashpad/util/file/file_io_posix.cc:145] open /Users/pegasus-yang/Library/Application Support/Google/AndroidStudio2023.3/Crashpad/settings.dat: No such file or directory (2)
[87386:31308848:1002/095306.320310:ERROR:third_party/crashpad/crashpad/util/file/file_io_posix.cc:145] open /Users/pegasus-yang/Library/Application Support/Google/AndroidStudio2025.2.3/Crashpad/settings.dat: No such file or directory (2)
[87386:31308848:1002/095306.320317:ERROR:third_party/crashpad/crashpad/util/file/file_io_posix.cc:145] open /Users/pegasus-yang/Library/Application Support/Google/AndroidStudioPreview2021.2/Crashpad/settings.dat: No such file or directory (2)
[87386:31308848:1002/095306.320324:ERROR:third_party/crashpad/crashpad/util/file/file_io_posix.cc:145] open /Users/pegasus-yang/Library/Application Support/Google/AndroidStudio2024.3/Crashpad/settings.dat: No such file or directory (2)
[87386:31308848:1002/095306.320331:ERROR:third_party/crashpad/crashpad/util/file/file_io_posix.cc:145] open /Users/pegasus-yang/Library/Application Support/Google/AndroidStudio2026.1.3/Crashpad/settings.dat: No such file or directory (2)
[87386:31308848:1002/095306.320338:ERROR:third_party/crashpad/crashpad/util/file/file_io_posix.cc:145] open /Users/pegasus-yang/Library/Application Support/Google/AndroidStudio2024.2/Crashpad/settings.dat: No such file or directory (2)
[87386:31308848:1002/095306.320349:ERROR:third_party/crashpad/crashpad/util/file/file_io_posix.cc:145] open /Users/pegasus-yang/Library/Application Support/Google/AndroidStudio2020.3/Crashpad/settings.dat: No such file or directory (2)
[87386:31308848:1002/095306.320356:ERROR:third_party/crashpad/crashpad/util/file/file_io_posix.cc:145] open /Users/pegasus-yang/Library/Application Support/Google/AndroidStudio2025.1.4/Crashpad/settings.dat: No such file or directory (2)
[87386:31308848:1002/095306.320368:VERBOSE1:chrome/updater/updater.cc:105] Crash reporting initialized.
[87386:31308848:1002/095306.320524:VERBOSE1:chrome/updater/ipc/update_service_internal_proxy_mojo.cc:61] Run
[87034:31307539:1002/095311.290672:ERROR:google_apis/gcm/engine/registration_request.cc:291] Registration response error message: DEPRECATED_ENDPOINT
[87386:31308848:1002/095322.299188:VERBOSE1:chrome/updater/app/app.cc:52] Shutdown: 0
[87386:31308848:1002/095322.299873:VERBOSE2:chrome/updater/event_history.cc:266] Emitted a UPDATER_PROCESS END event to the history log
[87386:31308848:1002/095322.299913:VERBOSE1:chrome/updater/updater.cc:409] UpdaterMain (--wake) returned 0.
[87383:31308844:1002/095322.308087:VERBOSE1:chrome/updater/app/app_wakeall.cc:68] `/Users/pegasus-yang/Library/Application Support/Google/GoogleUpdater/156.0.8067.0/GoogleUpdater.app/Contents/MacOS/GoogleUpdater --wake` exited 0
[87383:31308831:1002/095322.308375:VERBOSE1:chrome/updater/app/app.cc:52] Shutdown: 0
[87383:31308831:1002/095322.308891:VERBOSE2:chrome/updater/event_history.cc:266] Emitted a UPDATER_PROCESS END event to the history log
[87383:31308831:1002/095322.308923:VERBOSE1:chrome/updater/updater.cc:409] UpdaterMain (--wake-all) returned 0.
[87388:31308852:1002/095332.320170:VERBOSE2:chrome/updater/event_history.cc:266] Emitted a UPDATER_PROCESS END event to the history log
[87388:31308852:1002/095332.320252:VERBOSE1:chrome/updater/updater.cc:409] UpdaterMain (--crash-handler) returned 0.
[87385:31308835:1002/095332.323155:VERBOSE2:chrome/updater/event_history.cc:266] Emitted a UPDATER_PROCESS END event to the history log
[87385:31308835:1002/095332.323743:VERBOSE1:chrome/updater/updater.cc:409] UpdaterMain (--crash-handler) returned 0.
[87034:31307539:1002/095403.184351:ERROR:google_apis/gcm/engine/registration_request.cc:291] Registration response error message: DEPRECATED_ENDPOINT
[87034:31307539:1002/095521.497917:ERROR:google_apis/gcm/engine/connection_factory_impl.cc:484] ConnectionHandler failed with net error: -2
Trying to load the allocator multiple times. This is *not* supported.
WARNING: All log messages before absl::InitializeLog() is called are written to STDERR
I0000 00:00:1790906147.258125 31316097 environment.cc:526] Selected adapter: Apple M1 Max, arch=metal-3, vendor=apple, backend=Metal, adapterType=Integrated GPU
I0000 00:00:1790906147.263059 31316105 environment.cc:526] Selected adapter: Apple M1 Max, arch=metal-3, vendor=apple, backend=Metal, adapterType=Integrated GPU
[87034:31307539:1002/095552.966927:ERROR:google_apis/gcm/engine/registration_request.cc:291] Registration response error message: DEPRECATED_ENDPOINT
[87034:31307539:1002/095822.431199:ERROR:google_apis/gcm/engine/connection_factory_impl.cc:484] ConnectionHandler failed with net error: -2
[87034:31307539:1002/095938.223880:ERROR:google_apis/gcm/engine/registration_request.cc:291] Registration response error message: DEPRECATED_ENDPOINT
[87034:31307539:1002/100123.937783:ERROR:google_apis/gcm/engine/connection_factory_impl.cc:484] ConnectionHandler failed with net error: -2
[87034:31307539:1002/100424.630619:ERROR:google_apis/gcm/engine/connection_factory_impl.cc:484] ConnectionHandler failed with net error: -2
[87034:31307539:1002/100616.716309:ERROR:google_apis/gcm/engine/registration_request.cc:291] Registration response error message: DEPRECATED_ENDPOINT
[87034:31307539:1002/100726.048490:ERROR:google_apis/gcm/engine/connection_factory_impl.cc:484] ConnectionHandler failed with net error: -2
[87034:31307539:1002/101027.013975:ERROR:google_apis/gcm/engine/connection_factory_impl.cc:484] ConnectionHandler failed with net error: -2
