
DevTools listening on ws://127.0.0.1:55677/devtools/browser/3c065f01-4d2f-46ef-ae86-8cbc1c63c53f
Trying to load the allocator multiple times. This is *not* supported.
[97235:31331163:1002/100143.514892:ERROR:ui/display/mac/cv_display_link_mac.mm:188] CVDisplayLinkCreateWithCGDisplay failed. CVReturn: -6670
[97235:31331236:1002/100143.522585:ERROR:ui/display/mac/cv_display_link_mac.mm:188] CVDisplayLinkCreateWithCGDisplay failed. CVReturn: -6670
[97235:31331163:1002/100143.525660:ERROR:ui/display/mac/cv_display_link_mac.mm:188] CVDisplayLinkCreateWithCGDisplay failed. CVReturn: -6670
[97235:31331236:1002/100143.529620:ERROR:ui/display/mac/cv_display_link_mac.mm:188] CVDisplayLinkCreateWithCGDisplay failed. CVReturn: -6670
[97235:31331163:1002/100143.530311:ERROR:ui/display/mac/cv_display_link_mac.mm:188] CVDisplayLinkCreateWithCGDisplay failed. CVReturn: -6670
[97235:31331236:1002/100143.534472:ERROR:ui/display/mac/cv_display_link_mac.mm:188] CVDisplayLinkCreateWithCGDisplay failed. CVReturn: -6670
[97235:31331163:1002/100143.538167:ERROR:ui/display/mac/cv_display_link_mac.mm:188] CVDisplayLinkCreateWithCGDisplay failed. CVReturn: -6670
[97235:31331236:1002/100143.538226:ERROR:ui/display/mac/cv_display_link_mac.mm:188] CVDisplayLinkCreateWithCGDisplay failed. CVReturn: -6670
[97235:31331163:1002/100143.538339:ERROR:ui/display/mac/cv_display_link_mac.mm:188] CVDisplayLinkCreateWithCGDisplay failed. CVReturn: -6670
[97235:31331236:1002/100143.538400:ERROR:ui/display/mac/cv_display_link_mac.mm:188] CVDisplayLinkCreateWithCGDisplay failed. CVReturn: -6670
[97235:31331163:1002/100143.538594:ERROR:ui/display/mac/cv_display_link_mac.mm:188] CVDisplayLinkCreateWithCGDisplay failed. CVReturn: -6670
[97235:31331236:1002/100143.538647:ERROR:ui/display/mac/cv_display_link_mac.mm:188] CVDisplayLinkCreateWithCGDisplay failed. CVReturn: -6670
[97235:31331163:1002/100145.634988:ERROR:ui/display/mac/cv_display_link_mac.mm:188] CVDisplayLinkCreateWithCGDisplay failed. CVReturn: -6670
[97235:31331236:1002/100145.635041:ERROR:ui/display/mac/cv_display_link_mac.mm:188] CVDisplayLinkCreateWithCGDisplay failed. CVReturn: -6670
[97235:31331163:1002/100145.843718:ERROR:ui/display/mac/cv_display_link_mac.mm:188] CVDisplayLinkCreateWithCGDisplay failed. CVReturn: -6670
[97235:31331236:1002/100145.843787:ERROR:ui/display/mac/cv_display_link_mac.mm:188] CVDisplayLinkCreateWithCGDisplay failed. CVReturn: -6670
[97235:31331163:1002/100146.117124:ERROR:ui/display/mac/cv_display_link_mac.mm:188] CVDisplayLinkCreateWithCGDisplay failed. CVReturn: -6670
[97235:31331236:1002/100146.117199:ERROR:ui/display/mac/cv_display_link_mac.mm:188] CVDisplayLinkCreateWithCGDisplay failed. CVReturn: -6670
[97219:31331146:1002/100146.283037:ERROR:google_apis/gcm/engine/registration_request.cc:291] Registration response error message: PHONE_REGISTRATION_ERROR
[97219:31331146:1002/100146.283156:ERROR:google_apis/gcm/engine/registration_request.cc:291] Registration response error message: PHONE_REGISTRATION_ERROR
[97219:31331146:1002/100146.288603:ERROR:google_apis/gcm/engine/registration_request.cc:291] Registration response error message: PHONE_REGISTRATION_ERROR
[97235:31331163:1002/100146.319364:ERROR:ui/display/mac/cv_display_link_mac.mm:188] CVDisplayLinkCreateWithCGDisplay failed. CVReturn: -6670
[97235:31331236:1002/100146.319472:ERROR:ui/display/mac/cv_display_link_mac.mm:188] CVDisplayLinkCreateWithCGDisplay failed. CVReturn: -6670
[97235:31331163:1002/100146.328718:ERROR:ui/display/mac/cv_display_link_mac.mm:188] CVDisplayLinkCreateWithCGDisplay failed. CVReturn: -6670
[97235:31331236:1002/100146.331004:ERROR:ui/display/mac/cv_display_link_mac.mm:188] CVDisplayLinkCreateWithCGDisplay failed. CVReturn: -6670
[97235:31331163:1002/100146.340098:ERROR:ui/display/mac/cv_display_link_mac.mm:188] CVDisplayLinkCreateWithCGDisplay failed. CVReturn: -6670
[97235:31331236:1002/100146.340176:ERROR:ui/display/mac/cv_display_link_mac.mm:188] CVDisplayLinkCreateWithCGDisplay failed. CVReturn: -6670
[97235:31331163:1002/100146.382670:ERROR:ui/display/mac/cv_display_link_mac.mm:188] CVDisplayLinkCreateWithCGDisplay failed. CVReturn: -6670
[97235:31331236:1002/100146.382798:ERROR:ui/display/mac/cv_display_link_mac.mm:188] CVDisplayLinkCreateWithCGDisplay failed. CVReturn: -6670
[97235:31331163:1002/100146.419368:ERROR:ui/display/mac/cv_display_link_mac.mm:188] CVDisplayLinkCreateWithCGDisplay failed. CVReturn: -6670
[97235:31331236:1002/100146.419465:ERROR:ui/display/mac/cv_display_link_mac.mm:188] CVDisplayLinkCreateWithCGDisplay failed. CVReturn: -6670
[97219:31331146:1002/100146.514145:ERROR:google_apis/gcm/engine/mcs_client.cc:702]   Error code: 401  Error message: Authentication Failed: wrong_secret
[97219:31331146:1002/100146.514189:ERROR:google_apis/gcm/engine/mcs_client.cc:704] Failed to log in to GCM, resetting connection.
Created TensorFlow Lite XNNPACK delegate for CPU.
[97584:31332406:1002/100202.327953:VERBOSE1:chrome/updater/updater.cc:364] Version: 156.0.8067.0, opt, ARM_64, command line: /Users/pegasus-yang/Library/Application Support/Google/GoogleUpdater/156.0.8067.0/GoogleUpdater.app/Contents/MacOS/GoogleUpdater --wake-all --enable-logging --vmodule=*/components/update_client/*=2,*/chrome/enterprise_companion/*=2,*/chrome/updater/*=2
[97584:31332406:1002/100202.328554:VERBOSE1:chrome/updater/updater.cc:367] OS version: 26.6.2, arch: arm64, System uptime (seconds): 791143, parent pid: 97219
[97584:31332406:1002/100202.330733:VERBOSE1:chrome/updater/updater.cc:372] Available disk space in install directory (/Users/pegasus-yang/Library/Application Support/Google/GoogleUpdater): 140481273856B (130.833GiB) / 994662584320B (926.352GiB)
[97584:31332406:1002/100202.330768:VERBOSE1:chrome/updater/updater.cc:376] Available disk space in temporary directory (/var/folders/zv/_jkmqxn15kl26rrm7x_y9r1r0000gn/T/): 140481273856B (130.833GiB) / 994662584320B (926.352GiB)
[97584:31332406:1002/100202.330835:VERBOSE2:chrome/updater/event_history.cc:266] Emitted a UPDATER_PROCESS START event to the history log
[97586:31332410:1002/100202.341292:VERBOSE1:chrome/updater/updater.cc:364] Version: 156.0.8067.0, opt, ARM_64, command line: /Users/pegasus-yang/Library/Application Support/Google/GoogleUpdater/156.0.8067.0/GoogleUpdater.app/Contents/MacOS/GoogleUpdater --crash-handler --database=/Users/pegasus-yang/Library/Application Support/Google/GoogleUpdater/156.0.8067.0/Crashpad --url=https://clients2.google.com/cr/report --annotation=prod=Update4 --annotation=ver=156.0.8067.0 --handshake-fd=6 --enable-logging --vmodule=*/components/update_client/*=2,*/chrome/enterprise_companion/*=2,*/chrome/updater/*=2
[97586:31332410:1002/100202.341795:VERBOSE1:chrome/updater/updater.cc:367] OS version: 26.6.2, arch: arm64, System uptime (seconds): 791143, parent pid: 1
[97586:31332410:1002/100202.343578:VERBOSE1:chrome/updater/updater.cc:372] Available disk space in install directory (/Users/pegasus-yang/Library/Application Support/Google/GoogleUpdater): 140481269760B (130.833GiB) / 994662584320B (926.352GiB)
[97586:31332410:1002/100202.343608:VERBOSE1:chrome/updater/updater.cc:376] Available disk space in temporary directory (/var/folders/zv/_jkmqxn15kl26rrm7x_y9r1r0000gn/T/): 140481269760B (130.833GiB) / 994662584320B (926.352GiB)
[97586:31332410:1002/100202.343669:VERBOSE2:chrome/updater/event_history.cc:266] Emitted a UPDATER_PROCESS START event to the history log
[97584:31332406:1002/100202.344112:VERBOSE1:chrome/updater/crash_reporter.cc:123] Crash handler launched and ready.
[97584:31332406:1002/100202.344806:VERBOSE1:chrome/updater/crash_client.cc:108] Found 0 completed crash reports
[97584:31332406:1002/100202.344887:VERBOSE1:chrome/updater/crash_client.cc:132] Found 0 pending crash reports
[97584:31332406:1002/100202.345033:ERROR:third_party/crashpad/crashpad/util/file/file_io_posix.cc:145] open /Users/pegasus-yang/Library/Application Support/Google/RLZ/Crashpad/settings.dat: No such file or directory (2)
[97584:31332406:1002/100202.345051:ERROR:third_party/crashpad/crashpad/util/file/file_io_posix.cc:145] open /Users/pegasus-yang/Library/Application Support/Google/AndroidStudio2025.2.1/Crashpad/settings.dat: No such file or directory (2)
[97584:31332406:1002/100202.345088:ERROR:third_party/crashpad/crashpad/util/file/file_io_posix.cc:145] open /Users/pegasus-yang/Library/Application Support/Google/AndroidStudio2021.2/Crashpad/settings.dat: No such file or directory (2)
[97584:31332406:1002/100202.345098:ERROR:third_party/crashpad/crashpad/util/file/file_io_posix.cc:145] open /Users/pegasus-yang/Library/Application Support/Google/AndroidStudio2023.1/Crashpad/settings.dat: No such file or directory (2)
[97584:31332406:1002/100202.345107:ERROR:third_party/crashpad/crashpad/util/file/file_io_posix.cc:145] open /Users/pegasus-yang/Library/Application Support/Google/AndroidStudio2021.3/Crashpad/settings.dat: No such file or directory (2)
[97584:31332406:1002/100202.345116:ERROR:third_party/crashpad/crashpad/util/file/file_io_posix.cc:145] open /Users/pegasus-yang/Library/Application Support/Google/consentOptions/Crashpad/settings.dat: No such file or directory (2)
[97584:31332406:1002/100202.345157:ERROR:third_party/crashpad/crashpad/util/file/file_io_posix.cc:145] open /Users/pegasus-yang/Library/Application Support/Google/AndroidStudio2025.1.1/Crashpad/settings.dat: No such file or directory (2)
[97584:31332406:1002/100202.345166:ERROR:third_party/crashpad/crashpad/util/file/file_io_posix.cc:145] open /Users/pegasus-yang/Library/Application Support/Google/AndroidStudio2022.2/Crashpad/settings.dat: No such file or directory (2)
[97584:31332406:1002/100202.345174:ERROR:third_party/crashpad/crashpad/util/file/file_io_posix.cc:145] open /Users/pegasus-yang/Library/Application Support/Google/AndroidStudio2026.1.1/Crashpad/settings.dat: No such file or directory (2)
[97584:31332406:1002/100202.345181:ERROR:third_party/crashpad/crashpad/util/file/file_io_posix.cc:145] open /Users/pegasus-yang/Library/Application Support/Google/AndroidStudio2022.3/Crashpad/settings.dat: No such file or directory (2)
[97584:31332406:1002/100202.345188:ERROR:third_party/crashpad/crashpad/util/file/file_io_posix.cc:145] open /Users/pegasus-yang/Library/Application Support/Google/AndroidStudio2024.1/Crashpad/settings.dat: No such file or directory (2)
[97584:31332406:1002/100202.345195:ERROR:third_party/crashpad/crashpad/util/file/file_io_posix.cc:145] open /Users/pegasus-yang/Library/Application Support/Google/AndroidStudio2025.2.2/Crashpad/settings.dat: No such file or directory (2)
[97584:31332406:1002/100202.345202:ERROR:third_party/crashpad/crashpad/util/file/file_io_posix.cc:145] open /Users/pegasus-yang/Library/Application Support/Google/AndroidStudio2023.2/Crashpad/settings.dat: No such file or directory (2)
[97584:31332406:1002/100202.345246:ERROR:third_party/crashpad/crashpad/util/file/file_io_posix.cc:145] open /Users/pegasus-yang/Library/Application Support/Google/ChromeForTesting/Crashpad/settings.dat: No such file or directory (2)
[97584:31332406:1002/100202.345254:ERROR:third_party/crashpad/crashpad/util/file/file_io_posix.cc:145] open /Users/pegasus-yang/Library/Application Support/Google/AndroidStudio2023.3/Crashpad/settings.dat: No such file or directory (2)
[97584:31332406:1002/100202.345265:ERROR:third_party/crashpad/crashpad/util/file/file_io_posix.cc:145] open /Users/pegasus-yang/Library/Application Support/Google/AndroidStudio2025.2.3/Crashpad/settings.dat: No such file or directory (2)
[97584:31332406:1002/100202.345272:ERROR:third_party/crashpad/crashpad/util/file/file_io_posix.cc:145] open /Users/pegasus-yang/Library/Application Support/Google/AndroidStudioPreview2021.2/Crashpad/settings.dat: No such file or directory (2)
[97584:31332406:1002/100202.345279:ERROR:third_party/crashpad/crashpad/util/file/file_io_posix.cc:145] open /Users/pegasus-yang/Library/Application Support/Google/AndroidStudio2024.3/Crashpad/settings.dat: No such file or directory (2)
[97584:31332406:1002/100202.345286:ERROR:third_party/crashpad/crashpad/util/file/file_io_posix.cc:145] open /Users/pegasus-yang/Library/Application Support/Google/AndroidStudio2026.1.3/Crashpad/settings.dat: No such file or directory (2)
[97584:31332406:1002/100202.345293:ERROR:third_party/crashpad/crashpad/util/file/file_io_posix.cc:145] open /Users/pegasus-yang/Library/Application Support/Google/AndroidStudio2024.2/Crashpad/settings.dat: No such file or directory (2)
[97584:31332406:1002/100202.345308:ERROR:third_party/crashpad/crashpad/util/file/file_io_posix.cc:145] open /Users/pegasus-yang/Library/Application Support/Google/AndroidStudio2020.3/Crashpad/settings.dat: No such file or directory (2)
[97584:31332406:1002/100202.345315:ERROR:third_party/crashpad/crashpad/util/file/file_io_posix.cc:145] open /Users/pegasus-yang/Library/Application Support/Google/AndroidStudio2025.1.4/Crashpad/settings.dat: No such file or directory (2)
[97584:31332406:1002/100202.345329:VERBOSE1:chrome/updater/updater.cc:105] Crash reporting initialized.
[97584:31332418:1002/100202.345612:VERBOSE1:chrome/updater/app/app_wakeall.cc:58] Launching `/Users/pegasus-yang/Library/Application Support/Google/GoogleUpdater/156.0.8067.0/GoogleUpdater.app/Contents/MacOS/GoogleUpdater --wake`
[97587:31332422:1002/100202.354439:VERBOSE1:chrome/updater/updater.cc:364] Version: 156.0.8067.0, opt, ARM_64, command line: /Users/pegasus-yang/Library/Application Support/Google/GoogleUpdater/156.0.8067.0/GoogleUpdater.app/Contents/MacOS/GoogleUpdater --wake --enable-logging --vmodule=*/components/update_client/*=2,*/chrome/enterprise_companion/*=2,*/chrome/updater/*=2
[97587:31332422:1002/100202.355350:VERBOSE1:chrome/updater/updater.cc:367] OS version: 26.6.2, arch: arm64, System uptime (seconds): 791143, parent pid: 97584
[97587:31332422:1002/100202.357541:VERBOSE1:chrome/updater/updater.cc:372] Available disk space in install directory (/Users/pegasus-yang/Library/Application Support/Google/GoogleUpdater): 140481191936B (130.833GiB) / 994662584320B (926.352GiB)
[97587:31332422:1002/100202.357572:VERBOSE1:chrome/updater/updater.cc:376] Available disk space in temporary directory (/var/folders/zv/_jkmqxn15kl26rrm7x_y9r1r0000gn/T/): 140481191936B (130.833GiB) / 994662584320B (926.352GiB)
[97587:31332422:1002/100202.357639:VERBOSE2:chrome/updater/event_history.cc:266] Emitted a UPDATER_PROCESS START event to the history log
[97589:31332426:1002/100202.369040:VERBOSE1:chrome/updater/updater.cc:364] Version: 156.0.8067.0, opt, ARM_64, command line: /Users/pegasus-yang/Library/Application Support/Google/GoogleUpdater/156.0.8067.0/GoogleUpdater.app/Contents/MacOS/GoogleUpdater --crash-handler --database=/Users/pegasus-yang/Library/Application Support/Google/GoogleUpdater/156.0.8067.0/Crashpad --url=https://clients2.google.com/cr/report --annotation=prod=Update4 --annotation=ver=156.0.8067.0 --handshake-fd=6 --enable-logging --vmodule=*/components/update_client/*=2,*/chrome/enterprise_companion/*=2,*/chrome/updater/*=2
[97589:31332426:1002/100202.369705:VERBOSE1:chrome/updater/updater.cc:367] OS version: 26.6.2, arch: arm64, System uptime (seconds): 791143, parent pid: 1
[97589:31332426:1002/100202.371955:VERBOSE1:chrome/updater/updater.cc:372] Available disk space in install directory (/Users/pegasus-yang/Library/Application Support/Google/GoogleUpdater): 140481191936B (130.833GiB) / 994662584320B (926.352GiB)
[97589:31332426:1002/100202.371983:VERBOSE1:chrome/updater/updater.cc:376] Available disk space in temporary directory (/var/folders/zv/_jkmqxn15kl26rrm7x_y9r1r0000gn/T/): 140481191936B (130.833GiB) / 994662584320B (926.352GiB)
[97589:31332426:1002/100202.372049:VERBOSE2:chrome/updater/event_history.cc:266] Emitted a UPDATER_PROCESS START event to the history log
[97587:31332422:1002/100202.372579:VERBOSE1:chrome/updater/crash_reporter.cc:123] Crash handler launched and ready.
[97587:31332422:1002/100202.373281:VERBOSE1:chrome/updater/crash_client.cc:108] Found 0 completed crash reports
[97587:31332422:1002/100202.373353:VERBOSE1:chrome/updater/crash_client.cc:132] Found 0 pending crash reports
[97587:31332422:1002/100202.373478:ERROR:third_party/crashpad/crashpad/util/file/file_io_posix.cc:145] open /Users/pegasus-yang/Library/Application Support/Google/RLZ/Crashpad/settings.dat: No such file or directory (2)
[97587:31332422:1002/100202.373490:ERROR:third_party/crashpad/crashpad/util/file/file_io_posix.cc:145] open /Users/pegasus-yang/Library/Application Support/Google/AndroidStudio2025.2.1/Crashpad/settings.dat: No such file or directory (2)
[97587:31332422:1002/100202.373510:ERROR:third_party/crashpad/crashpad/util/file/file_io_posix.cc:145] open /Users/pegasus-yang/Library/Application Support/Google/AndroidStudio2021.2/Crashpad/settings.dat: No such file or directory (2)
[97587:31332422:1002/100202.373518:ERROR:third_party/crashpad/crashpad/util/file/file_io_posix.cc:145] open /Users/pegasus-yang/Library/Application Support/Google/AndroidStudio2023.1/Crashpad/settings.dat: No such file or directory (2)
[97587:31332422:1002/100202.373525:ERROR:third_party/crashpad/crashpad/util/file/file_io_posix.cc:145] open /Users/pegasus-yang/Library/Application Support/Google/AndroidStudio2021.3/Crashpad/settings.dat: No such file or directory (2)
[97587:31332422:1002/100202.373532:ERROR:third_party/crashpad/crashpad/util/file/file_io_posix.cc:145] open /Users/pegasus-yang/Library/Application Support/Google/consentOptions/Crashpad/settings.dat: No such file or directory (2)
[97587:31332422:1002/100202.373564:ERROR:third_party/crashpad/crashpad/util/file/file_io_posix.cc:145] open /Users/pegasus-yang/Library/Application Support/Google/AndroidStudio2025.1.1/Crashpad/settings.dat: No such file or directory (2)
[97587:31332422:1002/100202.373572:ERROR:third_party/crashpad/crashpad/util/file/file_io_posix.cc:145] open /Users/pegasus-yang/Library/Application Support/Google/AndroidStudio2022.2/Crashpad/settings.dat: No such file or directory (2)
[97587:31332422:1002/100202.373579:ERROR:third_party/crashpad/crashpad/util/file/file_io_posix.cc:145] open /Users/pegasus-yang/Library/Application Support/Google/AndroidStudio2026.1.1/Crashpad/settings.dat: No such file or directory (2)
[97587:31332422:1002/100202.373586:ERROR:third_party/crashpad/crashpad/util/file/file_io_posix.cc:145] open /Users/pegasus-yang/Library/Application Support/Google/AndroidStudio2022.3/Crashpad/settings.dat: No such file or directory (2)
[97587:31332422:1002/100202.373593:ERROR:third_party/crashpad/crashpad/util/file/file_io_posix.cc:145] open /Users/pegasus-yang/Library/Application Support/Google/AndroidStudio2024.1/Crashpad/settings.dat: No such file or directory (2)
[97587:31332422:1002/100202.373603:ERROR:third_party/crashpad/crashpad/util/file/file_io_posix.cc:145] open /Users/pegasus-yang/Library/Application Support/Google/AndroidStudio2025.2.2/Crashpad/settings.dat: No such file or directory (2)
[97587:31332422:1002/100202.373610:ERROR:third_party/crashpad/crashpad/util/file/file_io_posix.cc:145] open /Users/pegasus-yang/Library/Application Support/Google/AndroidStudio2023.2/Crashpad/settings.dat: No such file or directory (2)
[97587:31332422:1002/100202.373661:ERROR:third_party/crashpad/crashpad/util/file/file_io_posix.cc:145] open /Users/pegasus-yang/Library/Application Support/Google/ChromeForTesting/Crashpad/settings.dat: No such file or directory (2)
[97587:31332422:1002/100202.373670:ERROR:third_party/crashpad/crashpad/util/file/file_io_posix.cc:145] open /Users/pegasus-yang/Library/Application Support/Google/AndroidStudio2023.3/Crashpad/settings.dat: No such file or directory (2)
[97587:31332422:1002/100202.373676:ERROR:third_party/crashpad/crashpad/util/file/file_io_posix.cc:145] open /Users/pegasus-yang/Library/Application Support/Google/AndroidStudio2025.2.3/Crashpad/settings.dat: No such file or directory (2)
[97587:31332422:1002/100202.373683:ERROR:third_party/crashpad/crashpad/util/file/file_io_posix.cc:145] open /Users/pegasus-yang/Library/Application Support/Google/AndroidStudioPreview2021.2/Crashpad/settings.dat: No such file or directory (2)
[97587:31332422:1002/100202.373690:ERROR:third_party/crashpad/crashpad/util/file/file_io_posix.cc:145] open /Users/pegasus-yang/Library/Application Support/Google/AndroidStudio2024.3/Crashpad/settings.dat: No such file or directory (2)
[97587:31332422:1002/100202.373697:ERROR:third_party/crashpad/crashpad/util/file/file_io_posix.cc:145] open /Users/pegasus-yang/Library/Application Support/Google/AndroidStudio2026.1.3/Crashpad/settings.dat: No such file or directory (2)
[97587:31332422:1002/100202.373707:ERROR:third_party/crashpad/crashpad/util/file/file_io_posix.cc:145] open /Users/pegasus-yang/Library/Application Support/Google/AndroidStudio2024.2/Crashpad/settings.dat: No such file or directory (2)
[97587:31332422:1002/100202.373714:ERROR:third_party/crashpad/crashpad/util/file/file_io_posix.cc:145] open /Users/pegasus-yang/Library/Application Support/Google/AndroidStudio2020.3/Crashpad/settings.dat: No such file or directory (2)
[97587:31332422:1002/100202.373724:ERROR:third_party/crashpad/crashpad/util/file/file_io_posix.cc:145] open /Users/pegasus-yang/Library/Application Support/Google/AndroidStudio2025.1.4/Crashpad/settings.dat: No such file or directory (2)
[97587:31332422:1002/100202.373734:VERBOSE1:chrome/updater/updater.cc:105] Crash reporting initialized.
[97587:31332422:1002/100202.373916:VERBOSE1:chrome/updater/ipc/update_service_internal_proxy_mojo.cc:61] Run
[97219:31331146:1002/100215.097942:ERROR:google_apis/gcm/engine/registration_request.cc:291] Registration response error message: DEPRECATED_ENDPOINT
[97587:31332422:1002/100219.689104:VERBOSE1:chrome/updater/app/app.cc:52] Shutdown: 0
[97587:31332422:1002/100219.689574:VERBOSE2:chrome/updater/event_history.cc:266] Emitted a UPDATER_PROCESS END event to the history log
[97587:31332422:1002/100219.689600:VERBOSE1:chrome/updater/updater.cc:409] UpdaterMain (--wake) returned 0.
[97584:31332418:1002/100219.935869:VERBOSE1:chrome/updater/app/app_wakeall.cc:68] `/Users/pegasus-yang/Library/Application Support/Google/GoogleUpdater/156.0.8067.0/GoogleUpdater.app/Contents/MacOS/GoogleUpdater --wake` exited 0
[97584:31332406:1002/100219.936040:VERBOSE1:chrome/updater/app/app.cc:52] Shutdown: 0
[97584:31332406:1002/100219.936448:VERBOSE2:chrome/updater/event_history.cc:266] Emitted a UPDATER_PROCESS END event to the history log
[97584:31332406:1002/100219.936476:VERBOSE1:chrome/updater/updater.cc:409] UpdaterMain (--wake-all) returned 0.
[97589:31332426:1002/100229.706620:VERBOSE2:chrome/updater/event_history.cc:266] Emitted a UPDATER_PROCESS END event to the history log
[97589:31332426:1002/100229.706677:VERBOSE1:chrome/updater/updater.cc:409] UpdaterMain (--crash-handler) returned 0.
[97586:31332410:1002/100229.708693:VERBOSE2:chrome/updater/event_history.cc:266] Emitted a UPDATER_PROCESS END event to the history log
[97586:31332410:1002/100229.709114:VERBOSE1:chrome/updater/updater.cc:409] UpdaterMain (--crash-handler) returned 0.
[97219:31331146:1002/100313.583868:ERROR:google_apis/gcm/engine/registration_request.cc:291] Registration response error message: DEPRECATED_ENDPOINT
[97219:31331146:1002/100424.619290:ERROR:google_apis/gcm/engine/connection_factory_impl.cc:484] ConnectionHandler failed with net error: -2
[97219:31331146:1002/100438.759028:ERROR:google_apis/gcm/engine/registration_request.cc:291] Registration response error message: DEPRECATED_ENDPOINT
Trying to load the allocator multiple times. This is *not* supported.
WARNING: All log messages before absl::InitializeLog() is called are written to STDERR
I0000 00:00:1790906683.298860 31338743 environment.cc:526] Selected adapter: Apple M1 Max, arch=metal-3, vendor=apple, backend=Metal, adapterType=Integrated GPU
I0000 00:00:1790906683.301344 31338761 environment.cc:526] Selected adapter: Apple M1 Max, arch=metal-3, vendor=apple, backend=Metal, adapterType=Integrated GPU
[97219:31331055:1002/100646.784056:ERROR:chrome/browser/ui/views/user_education/impl/browser_user_education_interface_impl.cc:186] Attempting to show IPH IPH_ExtensionsZeroStatePromo before browser initialization complete; IPH will not be shown.
[97235:31331163:1002/100646.812112:ERROR:ui/display/mac/cv_display_link_mac.mm:188] CVDisplayLinkCreateWithCGDisplay failed. CVReturn: -6670
[97235:31331236:1002/100646.812195:ERROR:ui/display/mac/cv_display_link_mac.mm:188] CVDisplayLinkCreateWithCGDisplay failed. CVReturn: -6670
[97235:31331163:1002/100646.812993:ERROR:ui/display/mac/cv_display_link_mac.mm:188] CVDisplayLinkCreateWithCGDisplay failed. CVReturn: -6670
[97235:31331236:1002/100646.813040:ERROR:ui/display/mac/cv_display_link_mac.mm:188] CVDisplayLinkCreateWithCGDisplay failed. CVReturn: -6670
[97235:31331163:1002/100646.813409:ERROR:ui/display/mac/cv_display_link_mac.mm:188] CVDisplayLinkCreateWithCGDisplay failed. CVReturn: -6670
[97235:31331236:1002/100646.813449:ERROR:ui/display/mac/cv_display_link_mac.mm:188] CVDisplayLinkCreateWithCGDisplay failed. CVReturn: -6670
[97235:31331163:1002/100646.813615:ERROR:ui/display/mac/cv_display_link_mac.mm:188] CVDisplayLinkCreateWithCGDisplay failed. CVReturn: -6670
[97235:31331236:1002/100646.813654:ERROR:ui/display/mac/cv_display_link_mac.mm:188] CVDisplayLinkCreateWithCGDisplay failed. CVReturn: -6670
[97235:31331163:1002/100646.813783:ERROR:ui/display/mac/cv_display_link_mac.mm:188] CVDisplayLinkCreateWithCGDisplay failed. CVReturn: -6670
[97235:31331236:1002/100646.813818:ERROR:ui/display/mac/cv_display_link_mac.mm:188] CVDisplayLinkCreateWithCGDisplay failed. CVReturn: -6670
[97219:31331146:1002/100725.999276:ERROR:google_apis/gcm/engine/connection_factory_impl.cc:484] ConnectionHandler failed with net error: -2
[97219:31331146:1002/100808.550290:ERROR:google_apis/gcm/engine/registration_request.cc:291] Registration response error message: DEPRECATED_ENDPOINT
[97219:31331146:1002/101027.211071:ERROR:google_apis/gcm/engine/connection_factory_impl.cc:484] ConnectionHandler failed with net error: -2
